STOCK1                       ●       Market Cap: 23.468 M      Day Range:  90.00 - 120.00    Prev. Close: 100.00                                                         105.00
Stock 1 Inc. (gain)                      Volume: 4.2398 B     52wk Range:     0.00 - 0.00           Open: 110.00                                                 ↑ 5.00 (5.00%)
    Live                                                                                                                                                                       
STOCK2                       ●       Market Cap:     0.00      Day Range:  90.00 - 120.00    Prev. Close: 100.00                                                          95.00
Stock 2 Inc. (loss)                      Volume:     0.00     52wk Range:   0.00 - 150.00           Open: 110.00                                               ↓ -5.00 (-5.00%)
    Live                                                                                                                                                                       
STOCK3                       ○       Market Cap:     0.00      Day Range:  90.00 - 120.00    Prev. Close: 100.00                                                         105.00
Stock 3 Inc. (gain,                      Volume:     0.00     52wk Range:   0.00 - 150.00           Open: 110.00                                                 ↑ 5.00 (5.00%)
    Live                                                                                                                                                                       
STOCK4                       ●       Market Cap:     0.00      Day Range:  90.00 - 120.00    Prev. Close: 100.00      Avg. Cost:   0.00       105.00 (0.00%)             105.00
Stock 4 Inc. (positi                     Volume:     0.00     52wk Range:   0.00 - 150.00           Open: 110.00       Quantity: 100.00    ↑ 55.00 (110.00%)     ↑ 5.00 (5.00%)
    Live                                                                                                                                                                       
STOCK5                       ●       Market Cap:     0.00      Day Range:  90.00 - 120.00    Prev. Close: 100.00      Avg. Cost:   0.00       105.00 (0.00%)             105.00
Stock 5 Inc. (positi                     Volume:     0.00     52wk Range:   0.00 - 150.00           Open: 110.00       Quantity: 100.00   ↓ -45.00 (-30.00%)     ↑ 5.00 (5.00%)
    Live                                                                                                                                                                       
STOCK6                       ●       Market Cap:     0.00      Day Range:  90.00 - 120.00    Prev. Close: 100.00      Avg. Cost:   0.00        95.00 (0.00%)              95.00
Stock 6 Inc. (positi                     Volume:     0.00     52wk Range:   0.00 - 150.00           Open: 110.00       Quantity: 100.00   ↓ -55.00 (-36.67%)   ↓ -5.00 (-5.00%)
    Live                                                                                                                                                                       
STOCK7                       ●       Market Cap:     0.00      Day Range:  90.00 - 120.00    Prev. Close: 100.00      Avg. Cost:   0.00        95.00 (0.00%)              95.00
Stock 7 Inc. (positi                     Volume:     0.00     52wk Range:     0.00 - 0.00           Open: 110.00       Quantity: 100.00     ↑ 45.00 (90.00%)   ↓ -5.00 (-5.00%)
    Live                                                                                                                                                                       
STOCK8                               Market Cap:     0.00      Day Range:  90.00 - 120.00    Prev. Close: 100.00      Avg. Cost:   0.00        95.00 (0.00%)              95.00
Stock 8 Inc. (positi                     Volume:     0.00     52wk Range:     0.00 - 0.00           Open: 110.00       Quantity: 100.00     ↑ 45.00 (90.00%)       0.00 (0.00%)
    Live                                                                                                                                                                       